,East,West,North,South
Males,50,142,131,70
Females,550,351,480,350
